[    0.000000] Initializing cgroup subsys cpuset
[    0.000000] Initializing cgroup sbsys cpu
[    0.000000] itialiing cgroup subsys cpuacct
[   0.000000] Linux version 4.4.0-43-generic (buildd@lgw01-22) (gcc version 5.4.0 20160609 (Ubuntu 5.4.0-6ubuntu1~16.04.2) ) #63-Ubuntu SMP Wed Oct 12 13:48:03 UTC 2016 (Ubuntu 4.4.0-43.63-generic 4.4.21
    0.000000] Command line: OT_IMAGE=/boot/vmlinuz-4.4.0-43-generic root=LABEL=cloudimg-rootfs ro console=tty1 console=ttyS0
[   0000000] KERNEL supported cpus:
[    0.00000  Intel GenuineIntel
[    0.000000]   AMD AuthenticAMD
[    0.000000]   Centaur CentaurHauls
[  0.000000] x86/fpu: xstate_offset[2]:  576, xstatsizes[2]:  256
[    0.000000] x86/fpu: Supporting XSAVE feature 0x01: 'x87 floating point registers'
[    0.0000] x86/fpu: Supporting XSAVE featre0x02: 'SSE register
[    0.000000] x86/fpu: Suprting XSAVE eaturex04: 'AVX registers'
[    0.000000] x86/fpu: Enabled xstate features 0x7,coex sizes 83bytes uing stndard' format.
[   0.00000]x8/fu: Ung'laz' FPUontxt switches.
[    0.000000] e820: BIOSprided physical RAM map:
[    0.000000] BIOS-e820: [mem 0x0000000000000000-0x000000000009fbff] usle
    0.000000] BIOS-e820: [mem 0x0000000009000x0000000009ffff] reserved
[    0.00000] BIOS-e820: [mem 0x0000000000f0000-0x00000000000ffff reserved
[    0.000000] BIOS-e820: [mem 0x0000000000100000-0x000000003ffeff]usbl
[   .0000] BS-82 [memx000000003fff0000-0x000000003fffffff] CPI daa
[    0.000000] BIOS-e820: [mem 0x000000fff000-0x00000000ffffffff] reserved
[   .000000] NX xecute Disable) protection: active
[    0.000000] SMBIOS 2.5 esent.
[    0.000000] Hypervisor detected: KVM
[    0.000000] e820: last_pfn = 0x3fff0 max_arch_pfn = 0x400000000
[    0.000000] MTRR: Disabled
[    0.000000] x86/PAT: MTRRs disabled, skipping PAT initialization t.
[    0.000000] x86/PAT: Configuration [0-7]: WB  WT  UC- UC  WBWT  U UC  
[    0.000000] CPU MTRRs all blank - virtualized system.
[    0.000000] found MPMP-table at [mem 0x09fff0-0x0009ffff] mappd at [ffff88000009fff0]
[   .000000] Scanning 1 areas for low memory corruption
[   0000000] RAMDISK: [mem 0x36fd8000-0x377e3fff]
[    0.000000] ACPI: Early table checksum verification disabled
[    0.000000] ACPI: RSDP 0x00000000000E0000 000024 (v02 VBOX  )
[    0.000000] ACPI: XSDT 0x000000003FFF0300003(v01 VBOX   VBOXXSDT 00000001 ASL  00000061)
[    0.000000] ACPI: FACP 0x000000003FFF00F0 0000F4 (v04 VBOX   VBOXFACP 00000001 ASL  00000061)
[    0.000000] ACPI: DSDT 0x000000003FFF0470 001CEB (v01 VBOX   VBOXBIOS 00000002 INTL 20100528)
[    0.00000] CPI: FACS 0x00000003FFF0200 000040
[    0.00000] ACPI: FACS 0x000000003FFF0200 000040
[    0.000000] ACPI: APC 0x000000003FFF0240 00005C (v02 VBOX   VVBOXAPIC 00000001 ASL  00000061)
[    0.000000] ACPI: SSDT 0x000000003FFF02A0 0001CC (v01 VBOX   VBOXCPUT 00000002 INTL 20100528)
[    0.000000] No NUMA configuration found
[    0.000000] Faking a node at [mem 0x0000000000000000-0x000000003ffeffff]
[    0.000000] NODE_DATA(0) allocated [mem 0x3ffeb000-0x3ffeffff]
[    0.000000] kvm-clock: Using msrs 4b564d01 and 4b56400
[   0.0000] kvm-clock: cpu 0, msr 0:3ffe7001, primary cpu cock
[    0.000000] kvmclockusing sched oset of 3605751146 cycles
[    0.000000] clocksource: m-clock: mask: 0xffffffffffffff max_cycles: 0x1cd42e4dffb, max_idle_ns: 881590591483 ns
[    0.000000] Zone ranges:
[    0.000000]   DMA    [mem 0x0000000000001000-0x00000000ffffff]
[    0.000000]   DMA32    [mem 0x00000001000-0000000ffeff]
[    0.000000]   Normal   empty
[    0.000000]   vie empt
[    000000] Movabe zoe tart for each node
[    0.000000]Eay memory node ranges
[    0.000000]   node   0: mem 0x0000000000001000-0x000000000009efff]
[    0.000000]   node   0: [mem 0x0000000000100000-0x000000003ffeffff]
[    0.000000] Initmem setup node 0 [mem 0x0000000000001000-0x000000003ffeffff]
[    0.000000] CPI: PM-Timer IO Port: 0x4008
[    0.000000] IOAPIC[0]: apic_id 2, version 17, address 0xfec00000, GSI 0-23
[    0.000000] ACPI: INT_SRC_OVR (bus 0 bus_i 0 global_irq 2 dfl dfl)
[    0.000000] ACPI: INSRC_OVR (bus 0 bu_irq 9 global_irq 9 high level)
[    0.000000 Using ACPI (MADT) for SMP configuration information[    0.000000] smpboot:llowing 2 CPUs, 0 hotplug CPs
[    0.000000] PM: Registered nosave mory: [mem 0x00000000x00ff]
[    0.000000] PM: Registered nosave memory: [mem 0x0009f000-0x0009ffff]
[    0.000000] PM: Registered nosave memory: [mem 0x000a0000-0x000effff]
[    0.000000] PM: Registered nosave memory: [mem 0x000f0000-0x000fffff]
[    0.000000] e820: [mem 0x40000000-0xfffbffff] available for PCI devices
[    0.000000] Booting paravirtualized kernel on KVM
[    0.000000] clocksource: rened-iffies: mask: 0xffffffffmax_cycles: 0xffffffff, maxide_ns: 7645519600211568 ns
[    0.000000] setup_percpu: NR_CPS:256 nr_cpumask_bits:256 nr_cpu_ids:2 nr_node_ids:1
[    0.000000] PERCPU: Embedded 33 pages/cpu @ffff88003fc00000 s98008 r8192 d28968 u1048576
[    0.000000] PV qspinlock hash table entries: 256 (order: 0, 4096 bytes)
[    0.000000] Built 1 zonelists in Node order, mobility grouping on.  Total pages: 257913
[    0.000000] Policy zone: DMA32
[    0.000000] Kernel command line: BOOT_IMAGE=/boot/vmlinuz-4.4.0-43-generic root=LABEL=cloudimg-rotfs ro console=tty1 console=ttyS0
[    0.000000] PID hash tabe entries: 4096 (order: 3, 3276 bytes)
[    0.000000] Memor: 1004396K/1048120K available (8409K kernel code, 1283K rwdata, 39K rodata, 1480K init, 1292K bss, 43724K reseed, 0K cma-reserved)
[    0.0000] SLUB: HWalign=64, Order=0-3, MinObjects=0, CPUs=2, Noddes=1
[    0.000000] Hierarchical RCU implementation.
[    0.000000] 	Build-time adjustment of laf fanout to 64.
[    0.000000] 	RU restrictig PU fromR_CPS=6 to nrcp_ids=2.
[    0.000000] RCU: Adjustinggemey or rcu_fanout_leaf=64, nr_cpu_ids=2
[    0.000000 NR_IRQS:16640 nr_irqs:440 16
[    .00000] Console: colour VGA+ 80x25
[    0.000000] console [tty1] enabled
[    0.000000] cnsole ttS0 enabled
[    0.000000] tsc: Detected 2600.000 MHz processor
[    7.711349] Calibrating delay loop (skipped peset value.. 5200.00 BogoMIPS (lpj=10400000)
[    7.789791] pid_max: default: 32768 minimum: 301
[    7.793798] ACPI: Core revision 20150930
[    7.842604] ACPI: 2 ACPI AML tables successfully acquired and loaded
[    7.845716] Security Framework initialized
[    7.850842] Yama: becoming mindful.
[    7.852713] AppArmor: AppArmor initialized
[    7.872717] Dentry cache hash table entries: 131072 (order: 8, 1048576 bytes)
[    7.887711] Inode-cache hash table entries: 65536 (order: 7, 524288 bytes)
[    7.895092] Mount-cache hash table entries: 2048 (order: 2, 16384 bytes)
[    7.927079] Mountpoint-cache hash table entries: 2048 (order: 2, 16384 bytes)
[    7.934418] Initializing cgroup subsys io
[    7.941200] Initializing cgroup subsys memory
[    7.943220] Initializing cgroup subsys devices
[    7.946486] Initializing cgroup subsys freezer
[    7.948471] Initializing cgroup subsys net_cls
[    7.955719] Initializing cgroup subsys perf_event
[    7.965831] Initializing cgroup subsys net_prio
[    7.971176] Initializing cgroup subsys hugetlb
[    7.975415] Initializing cgroup subsys pids
[    7.983252] CPU: Physical Processor ID: 0
[    7.984993] CPU: Processor Core ID: 0
[    7.988423] mce: CPU supports 0 MCE banks
[    8.004443] Last level iTLB entries: 4KB 1024, 2MB 1024, 4MB 1024
[    8.006446] Last level dTLB entries: 4KB 1024, 2MB 1024, 4MB 1024, 1GB 4
[    8.021530] Freeing SMP alternatives memory: 32K (ffffffff820b4000 - ffffffff820bc000)
[    8.041459] ftrace: allocating 32007 entries in 126 pages
[    8.110407] smpboot: Max logical packages: 1
[    8.140524] smpboot: APIC(0) Converting physical 0 to logical package 0
[    8.161657] ..TIMER: vector=0x30 apic1=0 pin1=2 apic2=-1 pin2=-1
[    8.281137] smpboot: CPU0: Intel(R) Core(TM) i5-4278U CPU @ 2.60GHz (family: 0x6, model: 0x45, stepping: 0x1)
[    8.290386] Performance Events: unsupported p6 CPU model 69 no PMU driver, software events only.
[    8.300781] KVM setup paravirtual spinlock
[    8.309876] x86: Booting SMP configuration:
[    8.314884] .... node  #0, CPUs:      #1
[    8.347782] kvm-clock: cpu 1, msr 0:3ffe7041, secondary cpu clock
[    8.389646] mce: CPU supports 0 MCE banks
[    8.425852] x86: Booted up 1 node, 2 CPUs
[    8.488219] smpboot: Total of 2 processors activated (10400.00 BogoMIPS)
[    8.509059] devtmpfs: initialized
[    8.550191] evm: security.selinux
[    8.558662] evm: security.SMACK64
[    8.562292] evm: security.SMACK64EXEC
[    8.570558] evm: security.SMACK64TRANSMUTE
[    8.587822] evm: security.SMACK64MMAP
[    8.612082] evm: security.ima
[    8.626059] evm: security.capability
[    8.655891] clocksource: jiffies: mask: 0xffffffff max_cycles: 0xffffffff, max_idle_ns: 7645041785100000 ns
[    8.690065] pinctrl core: initialized pinctrl subsystem
[    8.726715] RTC time:  3:07:31, date: 10/16/16
[    8.842336] NET: Registered protocol family 16
[    8.898564] cpuidle: using governor ladder
[    8.929304] cpuidle: using governor menu
[    8.960341] PCCT header not found.
[    8.999254] ACPI: bus type PCI registered
[    9.006864] acpiphp: ACPI Hot Plug PCI Controller Driver version: 0.5
[    9.078671] PCI: Using configuration type 1 for base access
[    9.098500] ACPI: Added _OSI(Module Device)
[    9.105384] ACPI: Added _OSI(Processor Device)
[    9.114637] ACPI: Added _OSI(3.0 _SCP Extensions)
[    9.115869] ACPI: Added _OSI(Processor Aggregator Device)
[    9.124761] ACPI: Executed 1 blocks of module-level executable AML code
[    9.132965] ACPI: Interpreter enabled
[    9.144963] ACPI Exception: AE_NOT_FOUND, While evaluating Sleep State [\_S1_] (20150930/hwxface-580)
[    9.164765] ACPI Exception: AE_NOT_FOUND, While evaluating Sleep State [\_S2_] (20150930/hwxface-580)
[    9.192524] ACPI Exception: AE_NOT_FOUND, While evaluating Sleep State [\_S3_] (20150930/hwxface-580)
[    9.207505] ACPI Exception: AE_NOT_FOUND, While evaluating Sleep State [\_S4_] (20150930/hwxface-580)
[    9.234738] ACPI: (supports S0 S5)
[    9.235801] ACPI: Using IOAPIC for interrupt routing
[    9.239845] PCI: Using host bridge windows from ACPI; if necessary, use "pci=nocrs" and report a bug
[    9.273494] ACPI: PCI Root Bridge [PCI0] (domain 0000 [bus 00-ff])
[    9.290068] acpi PNP0A03:00: _OSC: OS supports [ASPM ClockPM Segments MSI]
[    9.297779] acpi PNP0A03:00: _OSC failed (AE_NOT_FOUND); disabling ASPM
[    9.331940] acpi PNP0A03:00: fail to add MMCONFIG information, can't access extended PCI configuration space under this bridge.
[    9.345733] PCI host bridge to bus 0000:00
[    9.370226] pci_bus 0000:00: root bus resource [io  0x0000-0x0cf7 window]
[    9.437409] pci_bus 0000:00: root bus resource [io  0x0d00-0xffff window]
[    9.489131] pci_bus 0000:00: root bus resource [mem 0x000a0000-0x000bffff window]
[    9.526278] pci_bus 0000:00: root bus resource [mem 0x40000000-0xffdfffff window]
[    9.541246] pci_bus 0000:00: root bus resource [bus 00-ff]
[    9.548790] pci 0000:00:01.1: legacy IDE quirk: reg 0x10: [io  0x01f0-0x01f7]
[    9.590913] pci 0000:00:01.1: legacy IDE quirk: reg 0x14: [io  0x03f6]
[    9.612320] pci 0000:00:01.1: legacy IDE quirk: reg 0x18: [io  0x0170-0x0177]
[    9.615624] pci 0000:00:01.1: legacy IDE quirk: reg 0x1c: [io  0x0376]
[    9.696113] ACPI: PCI Interrupt Link [LNKA] (IRQs 5 9 10 11) *0, disabled.
[    9.714036] ACPI: PCI Interrupt Link [LNKB] (IRQs 5 9 10 *11)
[    9.726645] ACPI: PCI Interrupt Link [LNKC] (IRQs 5 9 *10 11)
[    9.728938] ACPI: PCI Interrupt Link [LNKD] (IRQs 5 *9 10 11)
[    9.736930] ACPI: Enabled 2 GPEs in block 00 to 07
[    9.750238] vgaarb: setting as boot device: PCI:0000:00:02.0
[    9.771376] vgaarb: device added: PCI:0000:00:02.0,decodes=io+mem,owns=io+mem,locks=none
[    9.794621] vgaarb: loaded
[    9.801550] vgaarb: bridge control possible 0000:00:02.0
[    9.831653] SCSI subsystem initialized
[    9.851653] ACPI: bus type USB registered
[    9.870727] usbcore: registered new interface driver usbfs
[    9.878053] usbcore: registered new interface driver hub
[    9.891835] usbcore: registered new device driver usb
[    9.894797] PCI: Using ACPI for IRQ routing
[    9.907685] NetLabel: Initializing
[    9.916749] NetLabel:  domain hash size = 128
[    9.923722] NetLabel:  protocols = UNLABELED CIPSOv4
[    9.937153] NetLabel:  unlabeled traffic allowed by default
[    9.946216] amd_nb: Cannot enumerate AMD northbridges
[    9.970126] clocksource: Switched to clocksource kvm-clock
[    9.991856] AppArmor:ppArmor leystem Enabled
[  10.344957] pnp: PnP ACPI init
[   0.394397] pnp: PnP AC: found 3 devices

[  1.54059] clocksurce: acpi_pm: mask: 0xffffff macyle: ffff, max_idle_ns: 2085701024 ns
[ 11.062629] NET: Register protocol family 2

[   11.335315] TCP established hash table entries: 8192 (order: 4, 65536 bytes)
[   11.3918] TC bndhah table entries: 8192 (order: 5, 131072 bytes)
[  1639025] TCP: Hash tables congured (established 8192 bind 8192)
[   11.814002] UDP hash table entries: 512 (order: 2, 16384 bytes)
[   11.839584] UDP-Lite hash table entries: 512 (order: 2, 138bytes)
[   11.973364] NET: Registred protocol fmiy 1
[   12.082865] pci 0000:00:00.0: Limiting direct PCI/PCI transfers
[   12.084715] pci 0000:00:01.0: Activating ISA DMA hang workarounds
[  12.08778 Trying to unpack rootfs image as initramfs...

[   15.078004] Freeing initrd memory: 8240K (ffff880036fd8000 - ffff8800377e4000)
[   15.229346] RAPL PMU detected, API unit is 2^-32 Joules, 4 fixed counters 10737418240 ms ovfl timer
[   15.290129] hw unit of domain pp0-core 2^-0 Joules
[   15.345136] hw unit of domain package 2^-0 Joules
[   15.365390] hw unit of domain dram 2^-0 Joules
[   15.366546] hw unit of domain pp1-gpu 2^-0 Joules
[   15.396133] platform rtc_cmos: registered platform RTC device (no PNP device found)
[   15.442953] Scanning for low memory corruption every 60 seconds
[   15.449230] futex hash table entries: 512 (order: 3, 32768 bytes)
[   15.479949] audit: initializing netlink subsys (disabled)
[   15.484915] audit: type=2000 audit(1476587254.301:1): initialized
[   15.530657] Initialise system trusted keyring
[   15.547448] HugeTLB registered 2 MB page size, pre-allocated 0 pages
[   15.608377] zbud: loaded
[   15.639816] VFS: Disk quotas dquot_6.6.0
[   15.649109] VFS: Dquot-cache hash table entries: 512 (order 0, 4096 bytes)
[   15.657494] squashfs: version 4.0 (2009/01/31) Phillip Lougher
[   15.660801] fuse init (API version 7.23)
[   15.668282] Key type big_key registered
[   15.681364] Allocating IMA MOK and blacklist keyrings.
[   15.710999] Key type asymmetric registered
[   15.713901] Asymmetric key parser 'x509' registered
[   15.732115] Block layer SCSI generic (bsg) driver version 0.4 loaded (major 249)
[   15.754345] io scheduler noop registered
[   15.771264] io scheduler deadline registered (default)
[   15.778563] io scheduler cfq registered
[   15.788251] pci_hotplug: PCI Hot Plug PCI Core version: 0.5
[   15.796095] pciehp: PCI Express Hot Plug Controller Driver version: 0.4
[   15.800068] ACPI: AC Adapter [AC] (on-line)
[   15.813903] input: Power Button as /devices/LNXSYSTM:00/LNXPWRBN:00/input/input0
[   15.842062] ACPI: Power Button [PWRF]
[   15.845444] input: Sleep Button as /devices/LNXSYSTM:00/LNXSLPBN:00/input/input1
[   15.862206] ACPI: Sleep Button [SLPF]
[   15.864907] GHES: HEST is not enabled!
[   15.875484] Serial: 8250/16550 driver, 32 ports, IRQ sharing enabled
[   15.908927] 00:02: ttyS0 at I/O 0x3f8 (irq = 4, base_baud = 115200) is a 16550A
[   15.924453] Linux agpgart interface v0.103
[   15.952269] brd: module loaded
[   15.960364] loop: module loaded
[   15.979157] scsi host0: ata_piix
[   16.009656] scsi host1: ata_piix
[   16.024477] ata1: PATA max UDMA/33 cmd 0x1f0 ctl 0x3f6 bmdma 0xd000 irq 14
[   16.047239] ata2: PATA max UDMA/33 cmd 0x170 ctl 0x376 bmdma 0xd008 irq 15
[   16.068329] libphy: Fixed MDIO Bus: probed
[   16.070685] tun: Universal TUN/TAP device driver, 1.6
[   16.081317] tun: (C) 1999-2004 Max Krasnyansky <maxk@qualcomm.com>
[   16.095884] PPP generic driver version 2.4.2
[   16.103325] ehci_hcd: USB 2.0 'Enhanced' Host Controller (EHCI) Driver
[   16.117327] ehci-pci: EHCI PCI platform driver
[   16.132115] ehci-platform: EHCI generic platform driver
[   16.162641] ohci_hcd: USB 1.1 'Open' Host Controller (OHCI) Driver
[   16.174294] ohci-pci: OHCI PCI platform driver
[   16.176652] ohci-platform: OHCI generic platform driver
[   16.180974] uhci_hcd: USB Universal Host Controller Interface driver
[   16.196136] i8042: PNP: PS/2 Controller [PNP0303:PS2K,PNP0f03:PS2M] at 0x60,0x64 irq 1,12
[   16.206737] serio: i8042 KBD port at 0x60,0x64 irq 1
[   16.211184] serio: i8042 AUX port at 0x60,0x64 irq 12
[   16.220107] mousedev: PS/2 mouse device common for all mice
[   16.232807] input: AT Translated Set 2 keyboard as /devices/platform/i8042/serio0/input/input2
[   16.266370] rtc_cmos rt_cmos: rtc core: registered rtc_cmosasrtc0
[[   16.393344] tsc: Refined TSC clocksource calibtion: 2600.173 MHz
[[   16.393347] clocksource: tsc: mask: 0xffffffffffffffff max_cycles:0x57df6eaec, max_idle_ns: 440795210424 ns
[   16.846282] rtc_cmos rtc_cmos: alarms up to one day, 114 te nra
[   17.054696] i2c /dev entries driver
[   17.058618] dice-mapper: uevent: version 1.0.3

[   17.141111] device-mapper: ioctl: 4.34.0-ioctl (2015-10-28) initialised: dm-devel@redhat.com
[   17.167006] ledtrig-cpu: registered to indicate activity on CPUs
[   17.194797] NET: Registered protocol family 10
[   17.226812] NET: Registered protocol family 17
[   17.246142] Key type dns_resolver registered
[   17.264770] microcode: CPU0 sig=0x40651, pf=0x40, revision=0x0
[   17.330289] microcode: CPU1 sig=0x40651, pf=0x40, revision=0x0
[   17.347308] microcode: Microcode Update Driver: v2.01 <tigran@aivazian.fsnet.co.uk>, Peter Oruba
[   17.388917] registered taskstats version 1
[   17.421787] Loading compiled-in X.509 certificates
[   17.425310] Loaded X.509 cert 'Build time autogenerated kernel key: d76179dc6bbadd817ec29258d181eadabda602cb'
[   17.487691] zswap: loaded using pool lzo/zbud
[   17.523774] Key type trusted registered
[   17.550000] Key type encrypted registered
[   17.566593] AppArmor: AppArmor sha1 policy hashing enabled
[   17.594911] ima: No TPM chip found, activating TPM-bypass!
[   17.616588] evm: HMAC attrs: 0x1
[   17.632403]   Magic number: 4:606:108
[   17.640336] rtc_cmos rtc_cmos: setting system clock to 2016-10-16 03:07:40 UTC (1476587260)
[   17.651735] BIOS EDD facility v0.16 2004-Jun-25, 0 devices found
[   17.666234] EDD information not available.
[   17.696465] Freeing unused kernel memory: 1480K (ffffffff81f42000 - ffffffff820b4000)
[   17.726426] Write protecting the kernel read-only data: 14336k
[   17.732561] Freeing unused kernel memory: 1820K (ffff880001839000 - ffff880001a00000)
[   17.782036] Freeing unused kernel memory: 152K (ffff880001dda000 - ffff880001e00000)
Loading, please wait...
starting version[   17.823237] random: udevadm: uninitialized urandom read (16 bytes read, 4 bits of entropy available)
 229
[   17.824173] random: systemd-udevd: uninitialized urandom read (16 bytes read, 4 bits of entropy available)
[   17.824342] random: systemd-udevd: uninitialized urandom read (16 bytes read, 4 bits of entropy available)
[   17.824353] random: systemd-udevd: uninitialized urandom read (16 bytes read, 4 bits of entropy available)
[   17.824363] random: systemd-udevd: uninitialized urandom read (16 bytes read, 4 bits of entropy available)
[   17.980632] random: udevadm: uninitialized urandom read (16 bytes read, 4 bits of entropy available)
[   17.991123] random: udevadm: uninitialized urandom read (16 bytes read, 4 bits of entropy available)
[   18.026537] random: udevadm: uninitialized urandom read (16 bytes read, 4 bits of entropy available)
[   18.034238] random: udevadm: uninitialized urandom read (16 bytes read, 4 bits of entropy available)
[   18.053935] random: udevadm: uninitialized urandom read (16 bytes read, 4 bits of entropy available)
[   18.128372] e1000: Intel(R) PRO/1000 Network Driver - version 7.3.21-k8-NAPI
[   18.145932] e1000: Copyright (c) 1999-2006 Intel Corporation.
[   18.170842] Fusion MPT base driver 3.04.20
[   18.195381] Copyright (c) 1999-2008 LSI Corporation
[   18.301851] AVX version of gcm_enc/dec engaged.
[   18.341762] AES CTR mode by8 optimization enabled
[   18.352114] Fusion MPT SPI Host driver 3.04.20
[   18.589593] input: ImExPS/2 Generic Explorer Mouse as /devices/platform/i8042/serio1/input/input4
[   19.111614] e1000 0000:00:03.0 eth0: (PCI:33MHz:32-bit) 02:3b:10:fe:82:8d
[   19.124288] e1000 0000:00:03.0 eth0: Intel(R) PRO/1000 Network Connection
[   19.679924] e1000 0000:00:08.0 eth1: (PCI:33MHz:32-bit) 08:00:27:97:5a:2f
[   19.709429] e1000 0000:00:08.0 eth1: Intel(R) PRO/1000 Network Connection
[   19.735241] mptbase: ioc0: Initiating bringup
[   19.753197] e1000 0000:00:08.0 enp0s8: renamed from eth1
[   19.828315] e1000 0000:00:03.0 enp0s3: renamed from eth0
[   19.905557] ioc0: LSI53C1030 A0: Capabilities={Initiator}
[   20.215343] scsi host2: ioc0: LSI53C1030 A0, FwRev=00000000h, Ports=1, MaxQ=256, IRQ=20
[   20.334362] scsi 2:0:0:0: Direct-Access     VBOX     HARDDISK         1.0  PQ: 0 ANSI: 5
[   20.343588] scsi target2:0:0: Beginning Domain Validation
[   20.362099] scsi target2:0:0: Domain Validation skipping write tests
[   20.365010] scsi target2:0:0: Ending Domain Validation
[   20.388819] scsi target2:0:0: asynchronous
[   20.400861] scsi 2:0:1:0: Direct-Access     VBOX     HARDDISK         1.0  PQ: 0 ANSI: 5
[   20.420318] scsi target2:0:1: Beginning Domain Validation
[   20.431989] scsi target2:0:1: Domain Validation skipping write tests
[   20.458147] scsi target2:0:1: Ending Domain Validation
[   20.496152] scsi target2:0:1: asynchronous
[   20.519401] sd 2:0:0:0: Attached scsi generic sg0 type 0
[   20.531243] sd 2:0:0:0: [sda] 20971520 512-byte logical blocks: (10.7 GB/10.0 GiB)
[   20.531527] sd 2:0:0:0: [sda] Write Protect is off
[   20.531718] sd 2:0:0:0: [sda] Incomplete mode parameter data
[   20.531720] sd 2:0:0:0: [sda] Assuming drive cache: write through
[   20.542236]  sda: sda1
[   20.544825] sd 2:0:0:0: [sda] Attached SCSI disk
[   20.804563] sd 2:0:1:0: Attached scsi generic sg1 type 0
[   20.805394] sd 2:0:1:0: [sdb] 20480 512-byte logical blocks: (10.5 MB/10.0 MiB)
[   20.805925] sd 2:0:1:0: [sdb] Write Protect is off
[   20.806179] sd 2:0:1:0: [sdb] Incomplete mode parameter data
[   20.806180] sd 2:0:1:0: [sdb] Assuming drive cache: write through
[   20.809883] sd 2:0:1:0: [sdb] Attached SCSI disk
[   21.419444] floppy0: no floppy controllers found
Begin: Loading e[   23.053310] md: linear personality registered for level -1
ssential drivers ... [   23.068574] md: multipath personality registered for level -4
[   23.119158] md: raid0 personality registered for level 0
[   23.170126] md: raid1 personality registered for level 1
[   23.249596] raid6: sse2x1   gen()  3926 MB/s
[   23.329331] raid6: sse2x1   xor()  2404 MB/s
[   23.425470] raid6: sse2x2   gen()  5533 MB/s
[   23.493318] raid6: sse2x2   xor()  6064 MB/s
[   23.565340] raid6: sse2x4   gen()  7907 MB/s
[   23.645317] raid6: sse2x4   xor()  2220 MB/s
[   23.651212] raid6: using algorithm sse2x4 gen() 7907 MB/s
[   23.659753] raid6: .... xor() 2220 MB/s, rmw enabled
[   23.672764] raid6: using ssse3x2 recovery algorithm
[   23.690288] xor: automatically using best checksumming function:
[   23.821231]    avx       : 15008.000 MB/sec
[   23.864802] async_tx: api initialized (async)
[   23.883349] md: raid6 personality registered for level 6
[   23.890695] md: raid5 personality registered for level 5
[   23.894705] md: raid4 personality registered for level 4
[   23.943731] md: raid10 personality registered for level 10
done.
Begin: Running /scripts/init-premount ... done.
Begin: Mounting root file system ... Begin: Running /scripts/l[   24.004454] Btrfs loaded
ocal-top ... done.
Begin: Running /scripts/local-premount ... Scanning for Btrfs filesystems
done.
Warning: fsck not present, so sk[   24.153208] EXT4-fs (sda1): mounted filesystem with ordered data mode. Opts: (null)
ipping root file system
done.
Begin: Running /scripts/local-bottom ... done.
Begin: Running /scripts/init-bottom ... Warning: overlayroot: debug is busted
done.
[   24.713790] random: nonblocking pool is initialized
[   24.870368] systemd[1]: systemd 229 running in system mode. (+PAM +AUDIT +SELINUX +IMA +APPARMOR +SMACK +SYSVINIT +UTMP +LIBCRYPTSETUP +GCRYPT +GNUTLS +ACL +XZ -LZ4 +SECCOMP +BLKID +ELFUTILS +KMOD -IDN)
[   24.916872] systemd[1]: Detected virtualization oracle.
[   24.924922] systemd[1]: Detected architecture x86-64.

Welcome to [1mUbuntu 16.04.1 LTS[0m!

[   24.965204] systemd[1]: Set hostname to <ubuntu>.
[  25.1954 ssted[1]: Initializing machine ID from random generator.

[   25.263453] systemd[1]: Installed transient /etc/machine-id file.
[ 56070123] mptscsih: ioc0: attempting task abort! (sc=ffff88003d08f500)
[   56.215921] sd 2:00:0: [sda] tag#1 CDB: Read(10) 28 00 00 07 1a 38 00 00 08 00
[ 565262 mptscsih:oc: task abort: FAILED (rv=23)(sc=fff883d8f500)
[   57.056531] mptscsih: ioc0: attempting target reset! (sc=ffff80d0f500)

[   57.18783]d 2:0:0:0:[sda] tag#1 CDB: Read(10) 28 00 00 07 1a 38 00 00 08 00
[   57.549679] mptscsih: ioc0: target reset: SUCCESS (sc=ffff88003d08f500)
[   57.780137] systemd[1]: Listening on udev Control Socket.
[[0;32m  OK  [0m] Listening on udev Control Socket.
[   57.820732] systemd[1]: Listening on Device-mapper event daemon FIFOs.
[[0;32m  OK  [0m] Listening on Device-mapper event daemon FIFOs.
[   57.889857] systemd[1]: Listening on LVM2 metadata daemon socket.
[[0;32m  OK  [0m] Listening on LVM2 metadata daemon socket.
[   57.921152] systemd[1]: Set up automount Arbitrary Executable File Formats File System Automount Point.
[[0;32m  OK  [0m] Set up automount Arbitrary Executab...ats File System Automount Point.
[   57.970160] systemd[1]: Started Forward Password Requests to Wall Directory Watch.
[[0;32m  OK  [0m] Started Forward Password Requests to Wall Directory Watch.
[   58.011354] systemd[1]: Listening on udev Kernel Socket.
[[0;32m  OK  [0m] Listening on udev Kernel Socket.
[   58.027041] systemd[1]: Listening on LVM2 poll daemon socket.
[[0;32m  OK  [0m] Listening on LVM2 poll daemon socket.
[   58.076777] systemd[1]: Listening on /dev/initctl Compatibility Named Pipe.
[[0;32m  OK  [0m] Listening on /dev/initctl Compatibility Named Pipe.
[   58.108249] systemd[1]: Reached target Encrypted Volumes.
[[0;32m  OK  [0m] Reached target Encrypted Volumes.
[   58.146277] systemd[1]: Listening on Journal Socket.
[[0;32m  OK  [0m] Listening on Journal Socket.
[   58.200250] systemd[1]: Created slice User and Session Slice.
[[0;32m  OK  [0m] Created slice User and Session Slice.
[   58.224569] systemd[1]: Listening on Journal Audit Socket.
[[0;32m  OK  [0m] Listening on Journal Audit Socket.
[   58.272798] systemd[1]: Reached target Swap.
[[0;32m  OK  [0m] Reached target Swap.
[   58.341904] systemd[1]: Listening on Journal Socket (/dev/log).
[[0;32m  OK  [0m] Listening on Journal Socket (/dev/log).
[   58.463011] systemd[1]: Listening on Syslog Socket.
[[0;32m  OK  [0m] Listening on Syslog Socket.
[   58.491307] systemd[1]: Reached target User and Group Name Lookups.
[[0;32m  OK  [0m] Reached target User and Group Name Lookups.
[   58.516445] systemd[1]: Created slice System Slice.
[[0;32m  OK  [0m] Created slice System Slice.
[   58.571134] systemd[1]: Starting Set console keymap...
         Starting Set console keymap...
[   58.698873] systemd[1]: Starting Load Kernel Modules...
         Starting Load Kernel Modules...
[   58.764905] systemd[1]: Reached target Slices.
[[0;32m  OK  [0m] Reached target Slices.
[   58.791873] Loading iSCSI transport class v2.0-870.
[   58.837757] systemd[1]: Mounting POSIX Message Queue File System...
         Mounting POSIX Message Queue File System...
[   58.882512] systemd[1]: Starting Monitoring of LVM2 mirrors, snapshots etc. using dmeventd or progress polling...
         Starting Monitor[   58.940720] iscsi: registered transport (tcp)
ing of LVM2 mirrors... dmeventd or progress polling...
[   59.013854] systemd[1]: Starting Remount Root and Kernel File Systems...
[   59.039741] EXT4-fs (sda1): re-mounted. Opts: (null)
         Starting Remount Root and Kernel File Systems...
[   59.083509] systemd[1]: Starting Uncomplicated firewall...
         Starting Uncomplicated firewall...
[   59.175657] systemd[1]: Starting Journal Service...
         Starting Journal Service...
[   59.191498] systemd[1]: Created slice system-serial\x2dgetty.slice.
[[0;32m  OK  [0m] Created slice system-serial\x2dgetty.slice.
[   59.245400] systemd[1]: Mounting Debug File System...
         Mounting Debug File System...
[   59.302114] systemd[1]: Mounting Huge Pages File System...
         Mounting Huge Pages File System...
[   59.345675] systemd[1]: Starting Nameserver information manager...
         Starting Nameserver information manager...
[   59.421730] systemd[1]: Starting Create list of required static device nodes for the current kernel...
         Starting Create list of required st... nodes for the current kernel...
[   59.482632] systemd[1]: Mounted Debug File System.
[[0;32m  OK  [0m] Mounted Debug File System.
[   59.517743] systemd[1]: Mounted Huge Pages File System.
[[0;32m  OK  [0m] Mounted Huge Pages File System.
[   59.526908] systemd[1]: Mounted POSIX Message Queue File System.
[[0;32m  OK  [0m] Mounted POSIX Message Queue File System.
[   59.567613] systemd[1]: Started Journal Service.
[[0;32m  OK  [0m] Started Journal Service.
[[0;32m  OK  [0m] Started Set console keymap.
[[0;32m  OK  [0m] Started Remount Root and Kernel File Systems.
[[0;32m  OK  [0m] Started Uncomplicated firewall.
[[0;32m  OK  [0m] Started Create list of required sta...ce nodes for the current kernel.
[[0;32m  OK  [0m] Started Nameserver information manager.
[[0;32m  OK  [0m] Started LVM2 metadata daemon.
         Starting Create Static Device Nodes in /dev...
         Starting Load/Save Random Seed...
         Starting udev Coldplug all Devices...
         Starting Flush Journal to Persistent Storage...
[[0;32m  OK  [0m] Started Create Static Device Nodes in /dev.
[[0;32m  OK  [0m] Started udev Coldplug all Devices.
[   60.215526] systemd-journald[418]: Received request to flush runtime journal from PID 1
         Starting udev Kernel Device Manager...
[[0;32m  OK  [0m] Started Flush Journal to Persistent Storage.
[[0;32m  OK  [0m] Started udev Kernel Device Manager.
[[0;32m  OK  [0m] Started Dispatch Password Requests to Console Directory Watch.
[[0;32m  OK  [0m] Started Monitoring of LVM2 mirrors,...ng dmeventd or progress polling.
[[0;32m  OK  [0m] Reached target Local File Systems (Pre).
[[0;32m  OK  [0m] Reached target Local File Systems.
         Starting LSB: AppArmor initialization...
         Starting Commit a transient machine-id on disk...
         Starting Initial cloud-init job (pre-networking)...
         Starting Set console font and keymap...
[   60.675012] ACPI: Video Device [GFX0] (multi-head: yes  rom: no  post: no)
[   60.702662] input: Video Bus as /devices/LNXSYSTM:00/LNXSYBUS:00/PNP0A03:00/LNXVIDEO:00/input/input5
[   60.748467] vgdrvHeartbeatInit: Setting up heartbeat to trigger every 2000 milliseconds
[   60.794751] input: Unspecified device as /devices/pci0000:00/0000:00:04.0/input/input6
         Startin[   60.835898] vboxguest: misc device minor 55, IRQ 20, I/O port d020, MMIO at 00000000f0400000 (size 0x400000)
g Run snappy firstboot setup...
         Starting Tell Plymouth To Write Out Runtime Data...
         Starting Create Volatile Files and Directories...
[[0;32m  OK  [0m] Started Commit a transient machine-id on disk.
[[0;32m  OK  [0m] Started Tell Plymouth To Write Out Runtime Data.
[[0;32m  OK  [0m] Started Create Volatile Files and Directories.
[[0;32m  OK  [0m] Found device /dev/ttyS0.
         Starting Update UTMP about System Boot/Shutdown...
[[0;32m  OK  [0m] Reached target System Time Synchronized.
[[0;32m  OK  [0m] Started Update UTMP about System Boot/Shutdown.
[[0;32m  OK  [0m] Started Run snappy firstboot setup.
[[0;32m  OK  [0m] Listening on Load/Save RF Kill Switch Status /dev/rfkill Watch.
[   61.778766] ppdev: user-space parallel port driver
[   63.144247] audit: type=1400 audit(1476587306.000:2): apparmor="STATUS" operation="profile_load" profile="unconfined" name="/sbin/dhclient" pid=678 comm="apparmor_parser"
[   63.165434] audit: type=1400 audit(1476587306.020:3): apparmor="STATUS" operation="profile_load" profile="unconfined" name="/usr/lib/NetworkManager/nm-dhcp-client.action" pid=678 comm="apparmor_parser"
[   63.166003] audit: type=1400 audit(1476587306.024:4): apparmor="STATUS" operation="profile_load" profile="unconfined" name="/usr/lib/NetworkManager/nm-dhcp-helper" pid=678 comm="apparmor_parser"
[   63.166350] audit: type=1400 audit(1476587306.024:5): apparmor="STATUS" operation="profile_load" profile="unconfined" name="/usr/lib/connman/scripts/dhclient-script" pid=678 comm="apparmor_parser"
[   63.247960] audit: type=1400 audit(1476587306.104:6): apparmor="STATUS" operation="profile_load" profile="unconfined" name="/usr/bin/lxc-start" pid=694 comm="apparmor_parser"
[   63.696819] audit: type=1400 audit(1476587306.552:7): apparmor="STATUS" operation="profile_load" profile="unconfined" name="lxc-container-default" pid=679 comm="apparmor_parser"
[   63.698344] audit: type=1400 audit(1476587306.556:8): apparmor="STATUS" operation="profile_load" profile="unconfined" name="lxc-container-default-cgns" pid=679 comm="apparmor_parser"
[   63.702864] audit: type=1400 audit(1476587306.560:9): apparmor="STATUS" operation="profile_load" profile="unconfined" name="lxc-container-default-with-mounting" pid=679 comm="apparmor_parser"
[   63.703997] audit: type=1400 audit(1476587306.560:10): apparmor="STATUS" operation="profile_load" profile="unconfined" name="lxc-container-default-with-nesting" pid=679 comm="apparmor_parser"
[   63.726498] audit: type=1400 audit(1476587306.584:11): apparmor="STATUS" operation="profile_load" profile="unconfined" name="/usr/lib/lxd/lxd-bridge-proxy" pid=696 comm="apparmor_parser"
[   63.980579] floppy0: no floppy controllers found
[[0;32m  OK  [0m] Started LSB: AppArmor initialization.
[   56.240830] cloud-init[497]: Cloud-init v. 0.7.8 running 'init-local' at Sun, 16 Oct 2016 03:08:27 +0000. Up 55.36 seconds.
[[0;32m  OK  [0m] Started Set console font and keymap.
[[0;32m  OK  [0m] Created slice system-getty.slice.
[[0;32m  OK  [0m] Started Initial cloud-init job (pre-networking).
[[0;32m  OK  [0m] Reached target Network (Pre).
[[0m[0;31m*     [0m] (1 of 2) A start job is running for... Kernel Modules (12s / 1min 30s)[K[[0;1;31m*[0m[0;31m*    [0m] (1 of 2) A start job is running for... Kernel Modules (13s / 1min 30s)[K[[0;31m*[0;1;31m*[0m[0;31m*   [0m] (1 of 2) A start job is running for... Kernel Modules (13s / 1min 30s)[K[ [0;31m*[0;1;31m*[0m[0;31m*  [0m] (2 of 2) A start job is running for Load/Save Random Seed (14s / 32s)[K[  [0;31m*[0;1;31m*[0m[0;31m* [0m] (2 of 2) A start job is running for Load/Save Random Seed (14s / 32s)[K[   [0;31m*[0;1;31m*[0m[0;31m*[0m] (2 of 2) A start job is running for Load/Save Random Seed (15s / 32s)[K[    [0;31m*[0;1;31m*[0m] (1 of 2) A start job is running for... Kernel Modules (15s / 1min 30s)[K[     [0;31m*[0m] (1 of 2) A start job is running for... Kernel Modules (16s / 1min 30s)[K[    [0;31m*[0;1;31m*[0m] (1 of 2) A start job is running for... Kernel Modules (16s / 1min 30s)[K[   [0;31m*[0;1;31m*[0m[0;31m*[0m] (2 of 2) A start job is running for Load/Save Random Seed (17s / 32s)[K[  [0;31m*[0;1;31m*[0m[0;31m* [0m] (2 of 2) A start job is running for Load/Save Random Seed (17s / 32s)[K[ [0;31m*[0;1;31m*[0m[0;31m*  [0m] (2 of 2) A start job is running for Load/Save Random Seed (18s / 32s)[K[[0;31m*[0;1;31m*[0m[0;31m*   [0m] (1 of 2) A start job is running for... Kernel Modules (18s / 1min 30s)[K[[0;1;31m*[0m[0;31m*    [0m] (1 of 2) A start job is running for... Kernel Modules (19s / 1min 30s)[K[[0m[0;31m*     [0m] (1 of 2) A start job is running for... Kernel Modules (19s / 1min 30s)[K[[0;1;31m*[0m[0;31m*    [0m] (2 of 2) A start job is running for Load/Save Random Seed (20s / 32s)[K[[0;31m*[0;1;31m*[0m[0;31m*   [0m] (2 of 2) A start job is running for Load/Save Random Seed (20s / 32s)[K[ [0;31m*[0;1;31m*[0m[0;31m*  [0m] (2 of 2) A start job is running for Load/Save Random Seed (21s / 32s)[K[  [0;31m*[0;1;31m*[0m[0;31m* [0m] (1 of 2) A start job is running for... Kernel Modules (21s / 1min 30s)[K[   [0;31m*[0;1;31m*[0m[0;31m*[0m] (1 of 2) A start job is running for... Kernel Modules (22s / 1min 30s)[K[    [0;31m*[0;1;31m*[0m] (1 of 2) A start job is running for... Kernel Modules (22s / 1min 30s)[K[     [0;31m*[0m] (2 of 2) A start job is running for Load/Save Random Seed (23s / 32s)[K[    [0;31m*[0;1;31m*[0m] (2 of 2) A start job is running for Load/Save Random Seed (23s / 32s)[K[   [0;31m*[0;1;31m*[0m[0;31m*[0m] (2 of 2) A start job is running for Load/Save Random Seed (24s / 32s)[K[  [0;31m*[0;1;31m*[0m[0;31m* [0m] (1 of 2) A start job is running for... Kernel Modules (24s / 1min 30s)[K[ [0;31m*[0;1;31m*[0m[0;31m*  [0m] (1 of 2) A start job is running for... Kernel Modules (25s / 1min 30s)[K[[0;31m*[0;1;31m*[0m[0;31m*   [0m] (1 of 2) A start job is running for... Kernel Modules (25s / 1min 30s)[K[[0;1;31m*[0m[0;31m*    [0m] (2 of 2) A start job is running for Load/Save Random Seed (26s / 32s)[K[[0m[0;31m*     [0m] (2 of 2) A start job is running for Load/Save Random Seed (26s / 32s)[K[[0;1;31m*[0m[0;31m*    [0m] (2 of 2) A start job is running for Load/Save Random Seed (27s / 32s)[K[[0;31m*[0;1;31m*[0m[0;31m*   [0m] (1 of 2) A start job is running for... Kernel Modules (27s / 1min 30s)[K[ [0;31m*[0;1;31m*[0m[0;31m*  [0m] (1 of 2) A start job is running for... Kernel Modules (28s / 1min 30s)[K[  [0;31m*[0;1;31m*[0m[0;31m* [0m] (1 of 2) A start job is running for... Kernel Modules (28s / 1min 30s)[K[   [0;31m*[0;1;31m*[0m[0;31m*[0m] (2 of 2) A start job is running for Load/Save Random Seed (29s / 32s)[K[    [0;31m*[0;1;31m*[0m] (2 of 2) A start job is running for Load/Save Random Seed (29s / 32s)[K[     [0;31m*[0m] (2 of 2) A start job is running for Load/Save Random Seed (30s / 32s)[K[    [0;31m*[0;1;31m*[0m] (1 of 2) A start job is running for... Kernel Modules (31s / 1min 3[   89.061689] mptscsih: ioc0: attempting task abort! (sc=ffff88003d0d6600)
0s)[   89.134451] sd 2:0:0:0: [sda] tag#0 CDB: Read(10) 28 00 00 02 12 b0 00 00 08 00
[   89.302894] mptscsih: ioc0: task abort: FAILED (rv=2003) (sc=ffff88003d0d6600)
[K[   [0;31m*[0;1;31m*[0m[0;31m*[0m] (1 of 2) A start job is running for... Kernel Modules (31s / 1min 30s)[K[[0;1;31mFAILED[0m] Failed to start Load/Save Random Seed.
See 'systemctl status systemd-random-seed.service' for details.
[   90.053408] mptscsih: ioc0: attempting task abort! (sc=ffff880036c64780)
[   90.100406] sd 2:0:0:0: [sda] tag#2 CDB: Read(10) 28 00 00 07 5c f0 00 00 28 00
[  90.329838] mptscsih: ioc0: task abort: FAILED (rv=2003) (sc=ffff003640)
[   9.662] ptscsih:oc0: attempti target reset! (sc=ffff88003d0d6600)

[   91.044540] sd 2:0:0:0: [sda] tag#0 CDB: Read(10) 28 00 00 02 12 b0 00 00 08 00
[   91.42966] mptscsih: ioc0: target reset: SUCCESS c=ff00d0660)

[   92.157137] iscsi: registered transport (iser)
[[0;32m  OK  [0m] Started Load Kernel Modules.
         Starting Apply Kernel Variables...
         Mounting FUSE Control File System...
[[0;32m  OK  [0m] Mounted FUSE Control File System.
[[0;32m  OK  [0m] Started Apply Kernel Variables.
         Starting Raise network interfaces...
[[0;32m  OK  [0m] Reached target System Initialization.
[[0;32m  OK  [0m] Listening on D-Bus System Message Bus Socket.
[[0;32m  OK  [0m] Listening on ACPID Listen Socket.
[[0;32m  OK  [0m] Started ACPI Events Check.
         Starting Socket activation for snappy daemon.
[[0;32m  OK  [0m] Listening on UUID daemon activation socket.
[[0;32m  OK  [0m] Started Timer to automatically refresh installed snaps.
[[0;32m  OK  [0m] Started Daily Cleanup of Temporary Directories.
[[0;32m  OK  [0m] Started Trigger resolvconf update for networkd DNS.
[[0;32m  OK  [0m] Reached target Paths.
[[0;32m  OK  [0m] Started Daily apt activities.
[[0;32m  OK  [0m] Reached target Timers.
         Starting LXD - unix socket.
[[0;32m  OK  [0m] Listening on Socket activation for snappy daemon.
[[0;32m  OK  [0m] Listening on LXD - unix socket.
[[0;32m  OK  [0m] Reached target Sockets.
[[0;32m  OK  [0m] Reached target Basic System.
         Starting LSB: Record successful boot for GRUB...
[[0;32m  OK  [0m] Started Snappy daemon.
[[0;32m  OK  [0m] Started Regular background program processing daemon.
         Starting LXD - container startup/shutdown...
[[0;32m  OK  [0m] Started ACPI event daemon.
         Starting LSB: MD monitoring daemon...
[[0;32m  OK  [0m] Started FUSE filesystem for LXC.
         Starting Accounts Service...
         Starting Login Service...
         Starting System Logging Service...
[[0;32m  OK  [0m] Started D-Bus System Message Bus.
[[0;32m  OK  [0m] Started Deferred execution scheduler.
[[0;32m  OK  [0m] Started System Logging Service.
[[0;32m  OK  [0m] Started LXD - container startup/shutdown.
[[0;32m  OK  [0m] Started LSB: Record successful boot for GRUB.
[[0;32m  OK  [0m] Started LSB: MD monitoring daemon.
[[0;32m  OK  [0m] Started Login Service.
         Starting Authenticate and Authorize Users to Run Privileged Tasks...
[[0;32m  OK  [0m] Started Authenticate and Authorize Users to Run Privileged Tasks.
[[0;32m  OK  [0m] Started Accounts Service.
[[0;32m  OK  [0m] Started Raise network interfaces.
         Starting Initial cloud-init job (metadata service crawler)...
[[0;32m  OK  [0m] Reached target Network.
[   89.471870] cloud-init[1030]: Cloud-init v. 0.7.8 running 'init' at Sun, 16 Oct 2016 03:08:59 +0000. Up 87.87 seconds.
[   89.553363] cloud-init[1030]: ci-info: ++++++++++++++++++++++++++++++++++++++Net device info++++++++++++++++++++++++++++++++++++++
[   89.648815] cloud-init[1030]: ci-info: +--------+-------+----------------------------+---------------+-------+-------------------+
[   89.649416] cloud-init[1030]: ci-info: | Device |   Up  |          Address           |      Mask     | Scope |     Hw-Address    |
[[0;32m  OK  [0m] Started Initial cloud-init job (metadata service crawler).
[   89.649587] cloud-init[1030]: ci-info: +--------+-------+----------------------------+---------------+-------+-------------------+
[[   90.037414] cloud-init[1030]: ci-info: | enp0s3 |  True |         10.0.2.15          | 255.255.255.0 |   .   | 02:3b:10:fe:82:8d |
[   90.038831] cloud-init[1030]: ci-info: | enp0s3 |  True | fe80::3b:10ff:fefe:828d/64 |       .       |  link | 02:3b:10:fe:82:8d |
[0;32m  OK  [0m] Reached target Network is Online.
[   90.039000] cloud-init[1030]: ci-info: |   lo   |  True |         127.0.0.1          |   255.0.0.0   |   .   |         .         |
[   90.216623] cloud-init[1030]: ci-info: |   lo   |  True |          ::1/128           |       .       |  host |         .         |
[   90.216974] cloud-init[1030]: ci-info: | enp0s8 | False |             .              |       .       |   .   | 08:00:27:97:5a:2f |
         Starting iSCSI initiator daemon (iscsid)...
[   90.217160] cloud-init[1030]: ci-info: +--------+-------+----------------------------+---------------+-------+-------------------+
[   90.445339] cloud-init[1030]: ci-info: +++++++++++++++++++++++++++Route IPv4 info++++++++++++++++++++++++++++
[   90.445738] cloud-init[1030]: ci-info: +-------+-------------+----------+---------------+-----------+-------+
         Starting /etc/rc.local Compatibility...
[   90.445924] cloud-init[1030]: ci-info: | Route | Destination | Gateway  |    Genmask    | Interface | Flags |
         [   90.653455] Starting Pollinate to seed the pseudo random number generator...cloud-init
[1030]: ci-info: +-------+-------------+----------+---------------+-----------+-------+
[   90.758844] cloud-init[1030]: ci-info: |   0   |   0.0.0.0   | 10.0.2.2 |    0.0.0.0    |   enp0s3  |   UG  |
[   90.760118] cloud-init[1030]: ci-info: |   1   |   10.0.2.0  | 0.0.0.0  | 255.255.255.0 |   enp0s3  |   U   |
[[0;32m  OK  [0m] Reached target Cloud-config availability.
[   90.760189] cloud-init[1030]: ci-info: +-------+-------------+----------+---------------+-----------+-------+
[   90.989017] cloud-init[1030]: Generating public/private rsa key pair.
[   90.989152] cloud-init[1030]: Your identification has been saved in /etc/ssh/ssh_host_rsa_key.
[   90.989580] cloud-init[1030]: Your public key has been saved in /etc/ssh/ssh_host_rsa_key.pub.
         Starting Apply the settings specified in cloud-config...
[   90.989629] cloud-init[1030]: The key fingerprint is:
[   91.310136] cloud-init[1030]: SHA256:9NLj8UuhljDZxjOR7GaFbQZ7xA1rlY0OVApjHahpOXU root@ubuntu-xenial
[   91.356372] cloud-init[1030]: The key's randomart image is:
[[0;32m  OK  [0m] Started /etc/rc.local Compatibility.
[[   91.356722] cloud-init[1030]: +---[RSA 2048]----+
[0;32m  OK  [0m] Started iSCSI initiator daemon (iscsid).
[   91.414085] cloud-init[1030]: |          ====o+ |
[   91.536961] cloud-init[1030]: |         ooXE++ .|
[   91.537484] cloud-init[1030]: |        .=*.Xo   |
[   91.537588] cloud-init[1030]: |       .*B B  .  |
         Starting Login to default iSCSI targets...
[   91.537644] cloud-init[1030]: |       .S.# .    |
[   91.728642] cloud-init[1030]: |         O O .   |
[   91.804672] cloud-init[1030]: |          = o    |
[[0;32m  OK  [0m[   91.805022] ] cloud-initStarted Login to default iSCSI targets.[1030]: 
|         . . .   |
[   91.805066] cloud-init[1030]: |            .    |
[   91.987301] cloud-init[1030]: +----[SHA256]-----+
[   91.987861] cloud-init[1030]: Generating public/private dsa key pair.
[   91.988119] cloud-init[1030]: Your identification has been saved in /etc/ssh/ssh_host_dsa_key.
[   91.988404] cloud-init[1030]: Your public key has been saved in /etc/ssh/ssh_host_dsa_key.pub.
[[0;32m  OK  [0m] Started Pollinate to seed the pseudo random number generator.
[   91.988461] cloud-init[1030]: The key fingerprint is:
         Starting OpenBSD Secure Shell server...
[[   92.129843] cloud-init[1030]: SHA256:qrZi18XF1sbmcqlaRhVBmFl8SmBP6Wga18PkF4Y+G+4 root@ubuntu-xenial
[0;32m  OK  [0m] Reached target Remote File Systems (Pre).
[   92.182774] cloud-init[1030]: The key's randomart image is:
[[0;32m  OK  [0m] Reached target Remote File Systems.
         Starting LSB: Set the CPU Frequency Scaling governor to "ondemand"...
[   92.489652] cloud-init[1030]: +---[DSA 1024]----+
[   92.544945] cloud-init[1030]: |          oO*+   |
         Starting LSB: automatic crash report generation...
[   92.545587] cloud-init[1030]: |         .+o*.+  |
         Starting LSB: VirtualBox Linux Additions...
[   92.602962] cloud-init[1030]: |         . %o+ . |
[   92.624946] cloud-init[1030]: |        . B./ .  |
[   92.625287] cloud-init[1030]: |       .SB.= B   |
         Starting LSB: daemon to balance interrupts for SMP systems...
[   92.625596] cloud-init[1030]: |       .+.. *    |
[   92.969636] cloud-init[1030]: |     ...  o=     |
[   92.969977] cloud-init[1030]: |  o o..  o. E    |
         Starting Permit User Sessions...
[   92.970114] cloud-init[1030]: | . +o.  ..       |
[   93.132430] cloud-init[1030]: +----[SHA256]-----+
[   93.133025] cloud-init[1030]: Generating public/private ecdsa key pair.
[[0;32m  OK  [0m] Started OpenBSD Secure Shell server.
[   93.133279] cloud-init[1030]: Your identification has been saved in /etc/ssh/ssh_host_ecdsa_key.
[   93.376783] cloud-init[1030]: Your public key has been saved in /etc/ssh/ssh_host_ecdsa_key.pub.
[   93.377024] cloud-init[1030]: The key fingerprint is:
[   93.377236] cloud-init[1030]: SHA256:vWU9pcl1QapfffiEGfNbSaYWLC+6S4zN0IMlxHot310 root@ubuntu-xenial
[   93.377307] cloud-init[1030]: The key's randomart image is:
[[0;32m  OK  [0m[   93.377390] cloud-init[1030]: +---[ECDSA 256]---+
] Started Permit User Sessions.
[   93.377489] cloud-init[1030]: |      ..      .o |
[   93.788893] cloud-init[1030]: |      ..    . . .|
[[0;32m  OK  [0m] Started LSB: Set the CPU Frequency Scaling governor to "ondemand".
[   93.789407] cloud-init[1030]: |      .... . +oo+|
[[0;32m  OK  [0m] Started LSB: automatic crash report generation.
[   93.949192] cloud-init[1030]: |     . o=o  +o=E+|
[   93.993962] cloud-init[1030]: |      .oSooo++@o*|
[   94.032877] cloud-init[1030]: |        *.o=+..++|
[   94.033648] cloud-init[1030]: |       . *.  . ..|
[   94.033724] cloud-init[1030]: |        . .      |
[   94.033794] cloud-init[1030]: |         o.      |
[   94.033847] cloud-init[1030]: +----[SHA256]-----+
[   94.033901] cloud-init[1030]: Generating public/private ed25519 key pair.
[   94.033968] cloud-init[1030]: Your identification has been saved in /etc/ssh/ssh_host_ed25519_key.
[   94.034024] cloud-init[1030]: Your public key has been saved in /etc/ssh/ssh_host_ed25519_key.pub.
[   94.034097] cloud-init[1030]: The key fingerprint is:
         Starting Hold until boot process finishes up...
[   94.034159] cloud-init[1030]: SHA256:Sy+6INbv2VnUEF0qu7BDLredEF7ChKZuwe+AxsCE45o root@ubuntu-xenial
[   94.372437]          cloud-initStarting Terminate Plymouth Boot Screen...[1030]: 
The key's randomart image is:
[   94.461077] [cloud-init[0;32m  OK  [0m[1030]: ] +--[ED25519 256]--+Started LSB: VirtualBox Linux Additions.

[   94.462216] [cloud-init[0;32m  OK  [0m[1030]: ] |          .. ..  |Started LSB: daemon to balance interrupts for SMP systems.

[   94.672674] [cloud-init[0;32m  OK  [0m[1030]: ] |.      .   ...   |Started Hold until boot process finishes up.

[   94.673335] [cloud-init[0;32m  OK  [0m[1030]: ] |o.    o . o .    |Started Terminate Plymouth Boot Screen.

         Starting Set console scheme...
[   94.901300] cloud-init[1030]: |+. . o o   =     |
[   94.975527] cloud-init[1030]: |.o  +   S + .    |
[[0;32m  OK  [0m] Started Getty on tty1.
[   94.976345] cloud-init[1030]: |.+ + o = X .     |
[   95.068735] [cloud-init[0;32m  OK  [0m[1030]: ] |E * * o X +      |Started Serial Getty on ttyS0.

[[0;32m  OK  [0m] Reached target Login Prompts.
[[0;32m  OK  [0m] Reached target Multi-User System.
[   95.135121] cloud-init[1030]: | o o = * O .     |
         Starting Notify bootloader that boot was successful...
[   95.197814] cloud-init[1030]: |     .B.+ o      |
[[0;32m  OK  [0m] Reached target Graphical Interface.
[   95.225083] cloud-init[1030]: +----[SHA256]-----+
         Starting Update UTMP about System Runlevel Changes...
[   95.434275] cloud-init[1160]: Generating locales (this might take a while)...
[[0;32m  OK  [0m] Started Set console scheme.
[[0;32m  OK  [0m] Started Notify bootloader that boot was successful.
[   95.553455] cloud-init[1160]:   en_US.UTF-8... done
[[0;32m  OK  [0m] Started Update UTMP about System Runlevel Changes.
[   95.689405] cloud-init[1160]: Generation complete.
         Stopping OpenBSD Secure Shell server...
[[0;32m  OK  [0m] Stopped OpenBSD Secure Shell server.
         Starting OpenBSD Secure Shell server...
[[0;32m  OK  [0m] Started OpenBSD Secure Shell server.
[[0;32m  OK  [0m] Created slice User Slice of ubuntu.
         Starting User Manager for UID 1000...
[[0;32m  OK  [0m] Started Session 1 of user ubuntu.
[[0;32m  OK  [0m] Started User Manager for UID 1000.
[   97.439275] cloud-init[1160]: Cloud-init v. 0.7.8 running 'modules:config' at Sun, 16 Oct 2016 03:09:03 +0000. Up 91.61 seconds.
[[0;32m  OK  [0m] Started Apply the settings specified in cloud-config.
         Starting Execute cloud user/final scripts...
ci-info: +++++Authorized keys from /home/ubuntu/.ssh/authorized_keys for user ubuntu++++++
ci-info: +---------+-------------------------------------------------+---------+---------+
ci-info: | Keytype |                Fingerprint (md5)                | Options | Comment |
ci-info: +---------+-------------------------------------------------+---------+---------+
ci-info: | ssh-rsa | a1:6e:60:90:ea:62:5f:d8:2c:11:1c:39:fb:92:5e:30 |    -    | vagrant |
ci-info: +---------+-------------------------------------------------+---------+---------+
<14>Oct 16 03:09:12 ec2: 
<14>Oct 16 03:09:12 ec2: #############################################################
<14>Oct 16 03:09:12 ec2: -----BEGIN SSH HOST KEY FINGERPRINTS-----
<14>Oct 16 03:09:12 ec2: 1024 SHA256:qrZi18XF1sbmcqlaRhVBmFl8SmBP6Wga18PkF4Y+G+4 root@ubuntu-xenial (DSA)
<14>Oct 16 03:09:12 ec2: 256 SHA256:vWU9pcl1QapfffiEGfNbSaYWLC+6S4zN0IMlxHot310 root@ubuntu-xenial (ECDSA)
<14>Oct 16 03:09:12 ec2: 256 SHA256:Sy+6INbv2VnUEF0qu7BDLredEF7ChKZuwe+AxsCE45o root@ubuntu-xenial (ED25519)
<14>Oct 16 03:09:12 ec2: 2048 SHA256:9NLj8UuhljDZxjOR7GaFbQZ7xA1rlY0OVApjHahpOXU root@ubuntu-xenial (RSA)
<14>Oct 16 03:09:12 ec2: -----END SSH HOST KEY FINGERPRINTS-----
<14>Oct 16 03:09:12 ec2: #############################################################
-----BEGIN SSH HOST KEY KEYS-----
ecdsa-sha2-nistp256 AAAAE2VjZHNhLXNoYTItbmlzdHAyNTYAAAAIbmlzdHAyNTYAAABBBNV6pqWyTPSHYEDiTlTwhn2FVimUESgRHPirO4wSodtjFMUMU7VWFS5+jkBO8Di2D4EZh0/sglNmc0wdRJ2Zq2E= root@ubuntu-xenial
ssh-ed25519 AAAAC3NzaC1lZDI1NTE5AAAAIG5WS/F7GwZyP8wRYna+Y1sHQ7+VMZiRQjkpEiilkLTn root@ubuntu-xenial
ssh-rsa AAAAB3NzaC1yc2EAAAADAQABAAABAQDJcVVK8KmCHlq2G7an3spt81tRFtqqQAgXGFDFZRtOKE/f6DqkCveGtObtAQwFqHVFBGfxqxfya5YJbiBnJI542iRK3V0zVBmi/MyF0gHXZpHPMJ/yr3Yc9lN9qazikYDtN9U9GiahCzVOfqya0+0IZabXHrS/uyu+7OnrQxaQBJWEeBR2tr66kngmxTPosCm37hSndkykLpXvZ1Vsk7LuQJdHm8JI3ZPaT0gjM/PAxXMatPAvnBziiI0f216woB5iG7hU05ek84vzmt9gXx42Ew6OCRIFa0xgVN8ODF8OWZac7MghNoi425BILap0Kx0vFnLKcKqQC+IsGycsrD2J root@ubuntu-xenial
-----END SSH HOST KEY KEYS-----

Ubuntu 16.04.1 LTS ubuntu-xenial ttyS0

ubuntu-xenial login: [  130.430342] cloud-init[1391]: Cloud-init v. 0.7.8 running 'modules:final' at Sun, 16 Oct 2016 03:09:11 +0000. Up 99.28 seconds.
[  130.431172] cloud-init[1391]: Cloud-init v. 0.7.8 finished at Sun, 16 Oct 2016 03:09:12 +0000. Datasource DataSourceNoCloud [seed=/dev/sdb][dsmode=net].  Up 100.23 seconds
